[www.atherenergy.com/index.html]
[backblue.gif]
[fade.gif]
[index.html]
[www.atherenergy.com/css/semantic.min.css]
[www.atherenergy.com/css/maina782.css]
[www.atherenergy.com/css/slick.css]
[www.atherenergy.com/css/slick-theme.css]
[www.atherenergy.com/css/all.min.css]
[www.atherenergy.com/css/rangeslider.css]
[www.atherenergy.com/css/animation.css]
[www.atherenergy.com/images/logo-circle.png]
[www.atherenergy.com/js/dependencies/jquery-3.1.0.min.js]
[www.atherenergy.com/js/dependencies/countup.js]
[www.atherenergy.com/js/dependencies/all.min.js]
[www.atherenergy.com/js/dependencies/jquery.paroller.min.js]
[www.atherenergy.com/js/dependencies/jquery.validate.min.js]
[www.atherenergy.com/js/dependencies/modernizr.custom.min.js]
[www.atherenergy.com/js/dependencies/mapbox-gl-v0.53.js]
[www.atherenergy.com/js/dependencies/rangeslider.min.js]
[www.atherenergy.com/js/dependencies/semantic.min.js]
[www.atherenergy.com/js/dependencies/slick.min.js]
[www.atherenergy.com/js/dependencies/wow.min.js]
[www.atherenergy.com/js/style/style.js]
[www.atherenergy.com/images/common/logo-circle.png]
[www.atherenergy.com/grid.html]
[www.atherenergy.com/about.html]
[www.atherenergy.com/preorder.html]
[www.atherenergy.com/careers.html]
[www.atherenergy.com/faq.html]
[www.atherenergy.com/press.html]
[www.atherenergy.com/contact.html]
[www.atherenergy.com/terms.html]
[www.atherenergy.com/policy.html]
[www.atherenergy.com/images/ride/banner.jpg]
[www.atherenergy.com/images/ride/designed_not_built.jpg]
[www.atherenergy.com/video/ather_belt.mp4]
[www.atherenergy.com/images/ride/ather-performance.png]
[www.atherenergy.com/images/ride/ather-battery.png]
[www.atherenergy.com/images/ride/group_77.svg]
[www.atherenergy.com/images/ride/group_78.svg]
[www.atherenergy.com/images/ride/sport_1.svg]
[www.atherenergy.com/video/performance.mp4]
[www.atherenergy.com/images/ride/ather-balance@2x.jpg]
[www.atherenergy.com/images/ride/ather-lol@2x.jpg]
[www.atherenergy.com/images/ride/ather-suspension@2x.jpg]
[www.atherenergy.com/images/ride/ather-disc@2x.jpg]
[www.atherenergy.com/video/final_reversemode.mp4]
[www.atherenergy.com/images/ride/dashboard.jpg]
[www.atherenergy.com/images/ride/powered-by-google.png]
[www.atherenergy.com/images/ride/mobile-app-screen-01.png]
[www.atherenergy.com/images/ride/mobile-app-screen-02.png]
[www.atherenergy.com/images/ride/mobile-app-screen-03.png]
[www.atherenergy.com/images/ride/mobile-app-screen-04.png]
[www.atherenergy.com/video/zero-charging.mp4]
[www.atherenergy.com/images/ride/energy.png]
[www.atherenergy.com/images/ride/network.png]
[www.atherenergy.com/video/always-connected.mp4]
[www.atherenergy.com/images/ride/hassel_service.jpg]
[www.atherenergy.com/images/ride/settings.png]
[www.atherenergy.com/images/ride/wifi_lite.svg]
[www.atherenergy.com/images/ride/bolt_lite.png]
[www.atherenergy.com/images/ride/settings_lite.svg]
[www.atherenergy.com/faq/vehicle/ather-subscription.html]
[www.atherenergy.com/images/ride/pricing-scooter-450.png]
[www.atherenergy.com/images/ride/ownership.png]
[www.atherenergy.com/refund-policy.html]
[www.atherenergy.com/trademarks.html]
[www.atherenergy.com/images/grid/hero_fincorp.jpg]
[www.atherenergy.com/images/ride/autovert.png]
[cdnjs.cloudflare.com/ajax/libs/ScrollMagic/2.0.7/plugins/debug.addIndicators.min.js]
[cdnjs.cloudflare.com/ajax/libs/ScrollMagic/2.0.3/ScrollMagic.js]
[cdnjs.cloudflare.com/ajax/libs/gsap/2.1.3/TweenMax.min.js]
[fast.wistia.com/assets/external/E-v1.js]
[cdnjs.cloudflare.com/ajax/libs/ScrollMagic/2.0.7/plugins/animation.gsap.min.js]
[www.atherenergy.com/images/ride/pricing-scooter-340.png]
[www.atherenergy.com/index.html]
[www.googletagmanager.com/gtm5445.html]
[www.atherenergy.com/min/production.deps.min.css]
[www.atherenergy.com/min/production.web.mina782.css]
[ajax.cloudflare.com/cdn-cgi/scripts/95c75768/cloudflare-static/rocket-loader.min.js]
[www.atherenergy.com/css/semantic.min.css]
[www.atherenergy.com/images/grid/map-banner.png]
[www.atherenergy.com/images/grid/locate-banner.png]
[www.atherenergy.com/images/grid/client.png]
[www.atherenergy.com/images/grid/grid-point.png]
[www.atherenergy.com/images/grid/map-location.png]
[www.atherenergy.com/fonts/gotham-book.ttf]
[www.atherenergy.com/fonts/gotham-medium.ttf]
[www.atherenergy.com/fonts/gotham-black.ttf]
[www.atherenergy.com/images/ride/phone-mockup.png]
[www.atherenergy.com/images/ride/home_charger.jpg]
[www.atherenergy.com/images/ride/public-charge.jpg]
[www.atherenergy.com/images/ride/charge-anywhere.jpg]
[www.atherenergy.com/css/maina782.css]
[www.atherenergy.com/css/slick.css]
[www.atherenergy.com/css/slick-theme.css]
[www.atherenergy.com/fonts/fa-brands-400.eot]
[www.atherenergy.com/fonts/fa-brands-400d41d.eot]
[www.atherenergy.com/fonts/fa-brands-400.woff2]
[www.atherenergy.com/fonts/fa-brands-400.woff]
[www.atherenergy.com/fonts/fa-brands-400.ttf]
[www.atherenergy.com/fonts/fa-brands-400.svg]
[www.atherenergy.com/fonts/fa-light-300.eot]
[www.atherenergy.com/fonts/fa-light-300d41d.eot]
[www.atherenergy.com/fonts/fa-light-300.woff2]
[www.atherenergy.com/fonts/fa-light-300.woff]
[www.atherenergy.com/fonts/fa-light-300.ttf]
[www.atherenergy.com/fonts/fa-light-300.svg]
[www.atherenergy.com/fonts/fa-regular-400d41d.eot]
[www.atherenergy.com/fonts/fa-regular-400.eot]
[www.atherenergy.com/fonts/fa-regular-400.woff2]
[www.atherenergy.com/fonts/fa-regular-400.woff]
[www.atherenergy.com/fonts/fa-regular-400.ttf]
[www.atherenergy.com/fonts/fa-regular-400.svg]
[www.atherenergy.com/fonts/fa-solid-900.eot]
[www.atherenergy.com/fonts/fa-solid-900d41d.eot]
[www.atherenergy.com/fonts/fa-solid-900.woff2]
[www.atherenergy.com/fonts/fa-solid-900.woff]
[www.atherenergy.com/fonts/fa-solid-900.ttf]
[www.atherenergy.com/css/all.min.css]
[www.atherenergy.com/css/rangeslider.css]
[www.atherenergy.com/css/animation.css]
[www.atherenergy.com/min/production.web.mina782.js]
[www.atherenergy.com/css/main4445.css]
[www.atherenergy.com/fonts/fa-solid-900.svg]
[www.atherenergy.com/images/grid/banner_web.jpg]
[www.atherenergy.com/images/grid/shape-color.png]
[www.atherenergy.com/images/grid/plug.jpg]
[www.atherenergy.com/images/grid/PointPrivate.png]
[www.atherenergy.com/images/grid/locate.jpg]
[www.atherenergy.com/images/grid/PointPublic.png]
[www.atherenergy.com/grid.html]
[www.atherenergy.com/cdn-cgi/scripts/5c5dd728/cloudflare-static/email-decode.min.js]
[www.atherenergy.com/css/mainc367.css]
[www.atherenergy.com/images/story/story-film-cover.png]
[www.atherenergy.com/images/story/profile/tarun.jpg]
[www.atherenergy.com/images/story/profile/swapnil.jpg]
[www.atherenergy.com/images/story/profile/ravneet.jpg]
[www.atherenergy.com/images/story/profile/arun.jpg]
[www.atherenergy.com/images/story/profile/thiru.jpg]
[www.atherenergy.com/images/story/profile/karan.jpg]
[www.atherenergy.com/images/story/profile/sunita.jpg]
[www.atherenergy.com/images/story/profile/pawan.png]
[www.atherenergy.com/images/story/careers.png]
[www.atherenergy.com/about.html]
[www.atherenergy.com/images/preoder/pre-order-banner.png]
[www.atherenergy.com/preorder.html]
[www.atherenergy.com/poi.html]
[www.atherenergy.com/images/career/cutter.png]
[www.atherenergy.com/images/career/pencil.png]
[www.atherenergy.com/images/career/section_one_img2.png]
[www.atherenergy.com/images/career/section_one_img1.png]
[www.atherenergy.com/images/career/section_three_img1.png]
[www.atherenergy.com/images/career/section_three_img2.jpg]
[www.atherenergy.com/career-description873f.html]
[www.atherenergy.com/career-descriptioncbc8.html]
[www.atherenergy.com/career-descriptionfda7.html]
[www.atherenergy.com/career-description6b38.html]
[www.atherenergy.com/career-description44ad.html]
[www.atherenergy.com/career-description0764.html]
[www.atherenergy.com/career-description035a.html]
[www.atherenergy.com/career-description92b8.html]
[www.atherenergy.com/career-description317c.html]
[www.atherenergy.com/career-description9529.html]
[www.atherenergy.com/career-description2d3c.html]
[www.atherenergy.com/career-descriptionb643.html]
[www.atherenergy.com/career-descriptionaadb.html]
[www.atherenergy.com/career-descriptionf1d5.html]
[www.atherenergy.com/career-descriptione2c6.html]
[www.atherenergy.com/career-descriptione76d.html]
[www.atherenergy.com/career-description17fc.html]
[www.atherenergy.com/career-description9acc.html]
[www.atherenergy.com/career-description5cfb.html]
[www.atherenergy.com/career-description22f3.html]
[www.atherenergy.com/career-description48ce.html]
[www.atherenergy.com/career-description6a1c.html]
[www.atherenergy.com/career-description916c.html]
[www.atherenergy.com/careers.html]
[www.atherenergy.com/cdn-cgi/l/email-protection.html]
[www.atherenergy.com/faq/vehicle/purchase.html]
[www.atherenergy.com/faq/vehicle/specs.html]
[www.atherenergy.com/faq/vehicle/charging.html]
[www.atherenergy.com/faq/vehicle/range.html]
[www.atherenergy.com/faq/vehicle/dealership.html]
[www.atherenergy.com/faq/vehicle/battery.html]
[www.atherenergy.com/faq/grid/grid-network.html]
[www.atherenergy.com/faq/grid/other-evs.html]
[www.atherenergy.com/faq/grid/grid-pricing.html]
[www.atherenergy.com/faq/grid/partners.html]
[www.atherenergy.com/faq/grid/specs-features.html]
[www.atherenergy.com/faq.html]
[www.atherenergy.com/press.html]
[www.atherenergy.com/faq/grid/installation.html]
[www.atherenergy.com/images/contact/ec.png]
[www.atherenergy.com/images/contact/ec_chennai.png]
[www.atherenergy.com/images/contact/ho.png]
[www.atherenergy.com/images/contact/factory.png]
[www.atherenergy.com/contact.html]
[www.atherenergy.com/images/candy.png]
[www.atherenergy.com/terms.html]
[www.atherenergy.com/policy.html]
[www.atherenergy.com/images/ride/group_77.svg]
[www.atherenergy.com/images/ride/group_78.svg]
[www.atherenergy.com/images/ride/sport_1.svg]
[www.atherenergy.com/images/ride/wifi_lite.svg]
[www.atherenergy.com/images/ride/settings_lite.svg]
[www.atherenergy.com/faq/vehicle/ather-subscription.html]
[www.atherenergy.com/refund-policy.html]
[www.atherenergy.com/images/trademark/tr-logo-1.png]
[www.atherenergy.com/images/trademark/tr-logo-2.png]
[www.atherenergy.com/images/trademark/tr-logo-3.png]
[www.atherenergy.com/images/trademark/tr-logo-4.png]
[www.atherenergy.com/images/trademark/tr-logo-5.png]
[www.atherenergy.com/images/trademark/tr-logo-6.png]
[www.atherenergy.com/images/trademark/tr-logo-7.png]
[www.atherenergy.com/images/trademark/tr-logo-8.png]
[www.atherenergy.com/images/trademark/tr-logo-9.png]
[www.atherenergy.com/images/trademark/tr-logo-10.png]
[www.atherenergy.com/images/trademark/tr-logo-11.png]
[www.atherenergy.com/images/trademark/tr-logo-12.png]
[www.atherenergy.com/trademarks.html]
[www.atherenergy.com/12m.html]
[www.atherenergy.com/24m.html]
[www.atherenergy.com/36m.html]
[www.atherenergy.com/48m.html]
[www.atherenergy.com/60m.html]
[www.atherenergy.com/css/themes/default/assets/images/flags.html]
[www.atherenergy.com/css/themes/default/assets/fonts/icons.html]
[www.atherenergy.com/css/themes/default/assets/fonts/iconsd41d.html]
[www.atherenergy.com/css/themes/default/assets/fonts/icons-2.html]
[www.atherenergy.com/css/themes/default/assets/fonts/icons-3.html]
[www.atherenergy.com/css/themes/default/assets/fonts/icons-4.html]
[www.atherenergy.com/css/themes/default/assets/fonts/icons-5.html]
[www.atherenergy.com/css/themes/default/assets/fonts/outline-icons.html]
[www.atherenergy.com/css/themes/default/assets/fonts/outline-iconsd41d.html]
[www.atherenergy.com/css/themes/default/assets/fonts/outline-icons-2.html]
[www.atherenergy.com/css/themes/default/assets/fonts/outline-icons-3.html]
[www.atherenergy.com/css/themes/default/assets/fonts/outline-icons-4.html]
[www.atherenergy.com/css/themes/default/assets/fonts/outline-icons-5.html]
[www.atherenergy.com/css/themes/default/assets/fonts/brand-icons.html]
[www.atherenergy.com/css/themes/default/assets/fonts/brand-iconsd41d.html]
[www.atherenergy.com/css/themes/default/assets/fonts/brand-icons-2.html]
[www.atherenergy.com/css/themes/default/assets/fonts/brand-icons-3.html]
[www.atherenergy.com/css/themes/default/assets/fonts/brand-icons-4.html]
[www.atherenergy.com/css/themes/default/assets/fonts/brand-icons-5.html]
[www.atherenergy.com/images/plus.html]
[www.atherenergy.com/images/minus.html]
[www.atherenergy.com/css/ajax-loader.html]
[www.atherenergy.com/css/fonts/slick.html]
[www.atherenergy.com/css/fonts/slickd41d.html]
[www.atherenergy.com/css/fonts/slick-2.html]
[www.atherenergy.com/css/fonts/slick-3.html]
[www.atherenergy.com/css/fonts/slick-4.html]
[www.atherenergy.com/fonts/fa-brands-400.svg]
[www.atherenergy.com/fonts/fa-light-300.svg]
[www.atherenergy.com/fonts/fa-regular-400.svg]
[www.atherenergy.com/fonts/fa-solid-900.svg]
[www.atherenergy.com/min/production.web.min4445.css]
[www.atherenergy.com/css/main4445.css]
[www.atherenergy.com/min/production.web.min4445.js]
[www.atherenergy.com/min/production.web.minc367.css]
[www.atherenergy.com/css/mainc367.css]
[www.atherenergy.com/min/production.web.minc367.js]
[www.atherenergy.com/poi.html]
[www.atherenergy.com/poi/poidone.html]
[www.google.com/recaptcha/api.js]
[www.atherenergy.com/career-description873f.html]
[www.atherenergy.com/career-descriptioncbc8.html]
[www.atherenergy.com/career-descriptionfda7.html]
[www.atherenergy.com/career-description6b38.html]
[www.atherenergy.com/career-description44ad.html]
[www.atherenergy.com/career-description0764.html]
[www.atherenergy.com/career-description035a.html]
[www.atherenergy.com/career-description92b8.html]
[www.atherenergy.com/career-description317c.html]
[www.atherenergy.com/career-description9529.html]
[www.atherenergy.com/career-description2d3c.html]
[www.atherenergy.com/career-descriptionb643.html]
[www.atherenergy.com/career-descriptionaadb.html]
[www.atherenergy.com/career-descriptionf1d5.html]
[www.atherenergy.com/career-descriptione2c6.html]
[www.atherenergy.com/career-descriptione76d.html]
[www.atherenergy.com/career-description17fc.html]
[www.atherenergy.com/career-description9acc.html]
[www.atherenergy.com/career-description5cfb.html]
[www.atherenergy.com/career-description22f3.html]
[www.atherenergy.com/career-description48ce.html]
[www.atherenergy.com/career-description6a1c.html]
[www.atherenergy.com/career-description916c.html]
[www.atherenergy.com/cdn-cgi/l/email-protection.html]
[www.atherenergy.com/faq/vehicle/purchase.html]
[www.atherenergy.com/faq/vehicle/specs.html]
[www.atherenergy.com/faq/vehicle/charging.html]
[www.atherenergy.com/faq/vehicle/range.html]
[www.atherenergy.com/faq/vehicle/dealership.html]
[www.atherenergy.com/faq/vehicle/battery.html]
[www.atherenergy.com/faq/grid/grid-network.html]
[www.atherenergy.com/faq/grid/other-evs.html]
[www.atherenergy.com/faq/grid/grid-pricing.html]
[www.atherenergy.com/faq/grid/partners.html]
[www.atherenergy.com/faq/grid/specs-features.html]
[www.atherenergy.com/faq/grid/installation.html]
[www.atherenergy.com/_https_/bescom.org/wp-content/uploads/2018/05/EXISITING-AND-REVISED-TARIFF-FOR-2019.xlsx/_.html]
[www.atherenergy.com/poi/poidone.html]
[www.atherenergy.com/poi/grid.html]
[www.atherenergy.com/poi/about.html]
[www.atherenergy.com/faq/vehicle/grid.html]
[www.atherenergy.com/faq/vehicle/about.html]
[www.atherenergy.com/faq/grid/grid.html]
[www.atherenergy.com/faq/grid/about.html]
